Component: ARM Compiler 6.16 Tool: armlink [5dfeaa00]

==============================================================================

Section Cross References

    main.o(.text.main) refers to mouse.o(.text.PS2_Init) for PS2_Init
    main.o(.text.main) refers to oled.o(.text.OLED_Init) for OLED_Init
    main.o(.text.main) refers to random.o(.text.ADC_Init) for ADC_Init
    main.o(.text.main) refers to logic.o(.text.ClearBoard) for ClearBoard
    main.o(.text.main) refers to oled.o(.text.OLED_Display) for OLED_Display
    main.o(.text.main) refers to oled.o(.text.OLED_ClearBuffer) for OLED_ClearBuffer
    main.o(.text.main) refers to logic.o(.text.RenderGame) for RenderGame
    main.o(.text.main) refers to mouse.o(.text.Mouse_Update) for Mouse_Update
    main.o(.text.main) refers to graphics.o(.text.DrawMouse) for DrawMouse
    main.o(.text.main) refers to logic.o(.text.Scaling) for Scaling
    main.o(.text.main) refers to mouse.o(.text.Clicked) for Clicked
    main.o(.text.main) refers to logic.o(.text.ChangeCoverage) for ChangeCoverage
    main.o(.text.main) refers to random.o(.text.GetNoise) for GetNoise
    main.o(.text.main) refers to random.o(.text.MyRandom) for MyRandom
    main.o(.text.main) refers to logic.o(.text.MakeBoard) for MakeBoard
    main.o(.text.main) refers to mouse.o(.data.mouse) for mouse
    main.o(.text.main) refers to logic.o(.bss.xy) for xy
    main.o(.ARM.exidx.text.main) refers to main.o(.text.main) for [Anonymous Symbol]
    mouse.o(.ARM.exidx.text.PS2_CLK_LOW) refers to mouse.o(.text.PS2_CLK_LOW) for [Anonymous Symbol]
    mouse.o(.ARM.exidx.text.PS2_CLK_HIGH) refers to mouse.o(.text.PS2_CLK_HIGH) for [Anonymous Symbol]
    mouse.o(.ARM.exidx.text.PS2_DATA_LOW) refers to mouse.o(.text.PS2_DATA_LOW) for [Anonymous Symbol]
    mouse.o(.ARM.exidx.text.PS2_DATA_HIGH) refers to mouse.o(.text.PS2_DATA_HIGH) for [Anonymous Symbol]
    mouse.o(.text.PS2_Init) refers to mouse.o(.text.PS2_CLK_HIGH) for PS2_CLK_HIGH
    mouse.o(.text.PS2_Init) refers to mouse.o(.text.PS2_DATA_HIGH) for PS2_DATA_HIGH
    mouse.o(.ARM.exidx.text.PS2_Init) refers to mouse.o(.text.PS2_Init) for [Anonymous Symbol]
    mouse.o(.ARM.exidx.text.waitForClockLow) refers to mouse.o(.text.waitForClockLow) for [Anonymous Symbol]
    mouse.o(.ARM.exidx.text.waitForClockHigh) refers to mouse.o(.text.waitForClockHigh) for [Anonymous Symbol]
    mouse.o(.text.PS2_writeByte) refers to mouse.o(.text.PS2_DATA_LOW) for PS2_DATA_LOW
    mouse.o(.text.PS2_writeByte) refers to mouse.o(.text.waitForClockLow) for waitForClockLow
    mouse.o(.text.PS2_writeByte) refers to mouse.o(.text.waitForClockHigh) for waitForClockHigh
    mouse.o(.text.PS2_writeByte) refers to mouse.o(.text.PS2_DATA_HIGH) for PS2_DATA_HIGH
    mouse.o(.ARM.exidx.text.PS2_writeByte) refers to mouse.o(.text.PS2_writeByte) for [Anonymous Symbol]
    mouse.o(.text.PS2_readByte) refers to mouse.o(.text.waitForClockHigh) for waitForClockHigh
    mouse.o(.text.PS2_readByte) refers to mouse.o(.text.waitForClockLow) for waitForClockLow
    mouse.o(.ARM.exidx.text.PS2_readByte) refers to mouse.o(.text.PS2_readByte) for [Anonymous Symbol]
    mouse.o(.ARM.exidx.text.Decode) refers to mouse.o(.text.Decode) for [Anonymous Symbol]
    mouse.o(.text.Mouse_Update) refers to mouse.o(.text.PS2_writeByte) for PS2_writeByte
    mouse.o(.text.Mouse_Update) refers to mouse.o(.text.PS2_readByte) for PS2_readByte
    mouse.o(.text.Mouse_Update) refers to mouse.o(.text.Decode) for Decode
    mouse.o(.text.Mouse_Update) refers to mouse.o(.bss.click) for click
    mouse.o(.ARM.exidx.text.Mouse_Update) refers to mouse.o(.text.Mouse_Update) for [Anonymous Symbol]
    mouse.o(.text.Clicked) refers to mouse.o(.bss.click) for click
    mouse.o(.ARM.exidx.text.Clicked) refers to mouse.o(.text.Clicked) for [Anonymous Symbol]
    graphics.o(.text.DrawBombArea) refers to oled.o(.text.DrawPixel) for DrawPixel
    graphics.o(.ARM.exidx.text.DrawBombArea) refers to graphics.o(.text.DrawBombArea) for [Anonymous Symbol]
    graphics.o(.text.Draw1) refers to graphics.o(.text.DrawBombArea) for DrawBombArea
    graphics.o(.text.Draw1) refers to oled.o(.text.DrawPixel) for DrawPixel
    graphics.o(.ARM.exidx.text.Draw1) refers to graphics.o(.text.Draw1) for [Anonymous Symbol]
    graphics.o(.text.Draw2) refers to graphics.o(.text.DrawBombArea) for DrawBombArea
    graphics.o(.text.Draw2) refers to oled.o(.text.DrawPixel) for DrawPixel
    graphics.o(.ARM.exidx.text.Draw2) refers to graphics.o(.text.Draw2) for [Anonymous Symbol]
    graphics.o(.text.Draw3) refers to graphics.o(.text.DrawBombArea) for DrawBombArea
    graphics.o(.text.Draw3) refers to oled.o(.text.DrawPixel) for DrawPixel
    graphics.o(.ARM.exidx.text.Draw3) refers to graphics.o(.text.Draw3) for [Anonymous Symbol]
    graphics.o(.text.Draw4) refers to graphics.o(.text.DrawBombArea) for DrawBombArea
    graphics.o(.text.Draw4) refers to oled.o(.text.DrawPixel) for DrawPixel
    graphics.o(.ARM.exidx.text.Draw4) refers to graphics.o(.text.Draw4) for [Anonymous Symbol]
    graphics.o(.text.Draw5) refers to graphics.o(.text.DrawBombArea) for DrawBombArea
    graphics.o(.text.Draw5) refers to oled.o(.text.DrawPixel) for DrawPixel
    graphics.o(.ARM.exidx.text.Draw5) refers to graphics.o(.text.Draw5) for [Anonymous Symbol]
    graphics.o(.text.Draw6) refers to graphics.o(.text.DrawBombArea) for DrawBombArea
    graphics.o(.text.Draw6) refers to oled.o(.text.DrawPixel) for DrawPixel
    graphics.o(.ARM.exidx.text.Draw6) refers to graphics.o(.text.Draw6) for [Anonymous Symbol]
    graphics.o(.text.Draw7) refers to graphics.o(.text.DrawBombArea) for DrawBombArea
    graphics.o(.text.Draw7) refers to oled.o(.text.DrawPixel) for DrawPixel
    graphics.o(.ARM.exidx.text.Draw7) refers to graphics.o(.text.Draw7) for [Anonymous Symbol]
    graphics.o(.text.Draw8) refers to graphics.o(.text.DrawBombArea) for DrawBombArea
    graphics.o(.text.Draw8) refers to graphics.o(.text.Draw3) for Draw3
    graphics.o(.text.Draw8) refers to oled.o(.text.DrawPixel) for DrawPixel
    graphics.o(.ARM.exidx.text.Draw8) refers to graphics.o(.text.Draw8) for [Anonymous Symbol]
    graphics.o(.text.DrawBomb) refers to oled.o(.text.DrawPixel) for DrawPixel
    graphics.o(.ARM.exidx.text.DrawBomb) refers to graphics.o(.text.DrawBomb) for [Anonymous Symbol]
    graphics.o(.text.DrawFlag) refers to graphics.o(.text.Draw1) for Draw1
    graphics.o(.text.DrawFlag) refers to oled.o(.text.DrawPixel) for DrawPixel
    graphics.o(.ARM.exidx.text.DrawFlag) refers to graphics.o(.text.DrawFlag) for [Anonymous Symbol]
    graphics.o(.text.DrawMouse) refers to oled.o(.text.DrawPixel) for DrawPixel
    graphics.o(.ARM.exidx.text.DrawMouse) refers to graphics.o(.text.DrawMouse) for [Anonymous Symbol]
    logic.o(.text.ClearBoard) refers to rt_memclr.o(.text) for __aeabi_memclr4
    logic.o(.text.ClearBoard) refers to logic.o(.bss.board) for board
    logic.o(.text.ClearBoard) refers to logic.o(.bss.board1) for board1
    logic.o(.ARM.exidx.text.ClearBoard) refers to logic.o(.text.ClearBoard) for [Anonymous Symbol]
    logic.o(.text.MakeBoard) refers to random.o(.text.MyRand) for MyRand
    logic.o(.text.MakeBoard) refers to logic.o(.bss.board) for board
    logic.o(.text.MakeBoard) refers to logic.o(.bss.xy) for xy
    logic.o(.ARM.exidx.text.MakeBoard) refers to logic.o(.text.MakeBoard) for [Anonymous Symbol]
    logic.o(.text.RenderGame) refers to graphics.o(.text.DrawFlag) for DrawFlag
    logic.o(.text.RenderGame) refers to graphics.o(.text.DrawBombArea) for DrawBombArea
    logic.o(.text.RenderGame) refers to graphics.o(.text.Draw1) for Draw1
    logic.o(.text.RenderGame) refers to graphics.o(.text.Draw2) for Draw2
    logic.o(.text.RenderGame) refers to graphics.o(.text.Draw3) for Draw3
    logic.o(.text.RenderGame) refers to graphics.o(.text.Draw4) for Draw4
    logic.o(.text.RenderGame) refers to graphics.o(.text.Draw5) for Draw5
    logic.o(.text.RenderGame) refers to graphics.o(.text.Draw6) for Draw6
    logic.o(.text.RenderGame) refers to graphics.o(.text.Draw7) for Draw7
    logic.o(.text.RenderGame) refers to graphics.o(.text.Draw8) for Draw8
    logic.o(.text.RenderGame) refers to graphics.o(.text.DrawBomb) for DrawBomb
    logic.o(.text.RenderGame) refers to rt_memclr.o(.text) for __aeabi_memclr4
    logic.o(.text.RenderGame) refers to graphics.o(.text.DrawMouse) for DrawMouse
    logic.o(.text.RenderGame) refers to oled.o(.text.OLED_Display) for OLED_Display
    logic.o(.text.RenderGame) refers to logic.o(.bss.board1) for board1
    logic.o(.text.RenderGame) refers to logic.o(.bss.board) for board
    logic.o(.text.RenderGame) refers to mouse.o(.data.mouse) for mouse
    logic.o(.ARM.exidx.text.RenderGame) refers to logic.o(.text.RenderGame) for [Anonymous Symbol]
    logic.o(.text.Scaling) refers to logic.o(.bss.xy) for xy
    logic.o(.ARM.exidx.text.Scaling) refers to logic.o(.text.Scaling) for [Anonymous Symbol]
    logic.o(.text.ChangeCoverage) refers to logic.o(.bss.xy) for xy
    logic.o(.text.ChangeCoverage) refers to logic.o(.bss.board1) for board1
    logic.o(.ARM.exidx.text.ChangeCoverage) refers to logic.o(.text.ChangeCoverage) for [Anonymous Symbol]
    oled.o(.text.OLED_Cmd) refers to spi.o(.text.SW_SPI_Write) for SW_SPI_Write
    oled.o(.ARM.exidx.text.OLED_Cmd) refers to oled.o(.text.OLED_Cmd) for [Anonymous Symbol]
    oled.o(.text.OLED_Init) refers to spi.o(.text.delay_ms) for delay_ms
    oled.o(.text.OLED_Init) refers to oled.o(.text.OLED_Cmd) for OLED_Cmd
    oled.o(.ARM.exidx.text.OLED_Init) refers to oled.o(.text.OLED_Init) for [Anonymous Symbol]
    oled.o(.text.DrawPixel) refers to oled.o(.bss.buffer) for buffer
    oled.o(.ARM.exidx.text.DrawPixel) refers to oled.o(.text.DrawPixel) for [Anonymous Symbol]
    oled.o(.text.OLED_ClearBuffer) refers to rt_memclr.o(.text) for __aeabi_memclr4
    oled.o(.text.OLED_ClearBuffer) refers to oled.o(.bss.buffer) for buffer
    oled.o(.ARM.exidx.text.OLED_ClearBuffer) refers to oled.o(.text.OLED_ClearBuffer) for [Anonymous Symbol]
    oled.o(.text.OLED_Display) refers to oled.o(.text.OLED_Cmd) for OLED_Cmd
    oled.o(.text.OLED_Display) refers to spi.o(.text.SW_SPI_Write) for SW_SPI_Write
    oled.o(.text.OLED_Display) refers to oled.o(.bss.buffer) for buffer
    oled.o(.ARM.exidx.text.OLED_Display) refers to oled.o(.text.OLED_Display) for [Anonymous Symbol]
    random.o(.ARM.exidx.text.ADC_Init) refers to random.o(.text.ADC_Init) for [Anonymous Symbol]
    random.o(.ARM.exidx.text.ADC_Read) refers to random.o(.text.ADC_Read) for [Anonymous Symbol]
    random.o(.text.GetNoise) refers to random.o(.text.ADC_Read) for ADC_Read
    random.o(.text.GetNoise) refers to spi.o(.text.delay_us) for delay_us
    random.o(.ARM.exidx.text.GetNoise) refers to random.o(.text.GetNoise) for [Anonymous Symbol]
    random.o(.text.MyRandom) refers to random.o(.data.random_state) for random_state
    random.o(.ARM.exidx.text.MyRandom) refers to random.o(.text.MyRandom) for [Anonymous Symbol]
    random.o(.text.MyRand) refers to random.o(.data.random_state) for random_state
    random.o(.ARM.exidx.text.MyRand) refers to random.o(.text.MyRand) for [Anonymous Symbol]
    spi.o(.ARM.exidx.text.delay_us) refers to spi.o(.text.delay_us) for [Anonymous Symbol]
    spi.o(.ARM.exidx.text.delay_ms) refers to spi.o(.text.delay_ms) for [Anonymous Symbol]
    spi.o(.text.SW_SPI_Write) refers to spi.o(.text.delay_us) for delay_us
    spi.o(.ARM.exidx.text.SW_SPI_Write) refers to spi.o(.text.SW_SPI_Write) for [Anonymous Symbol]
    startup_mkl05z4.o(STACK) refers (Special) to heapauxi.o(.text) for __use_two_region_memory
    startup_mkl05z4.o(HEAP) refers (Special) to heapauxi.o(.text) for __use_two_region_memory
    startup_mkl05z4.o(RESET) refers (Special) to heapauxi.o(.text) for __use_two_region_memory
    startup_mkl05z4.o(RESET) refers to startup_mkl05z4.o(STACK) for __initial_sp
    startup_mkl05z4.o(RESET) refers to startup_mkl05z4.o(.text) for Reset_Handler
    startup_mkl05z4.o(.ARM.__at_0x400) refers (Special) to heapauxi.o(.text) for __use_two_region_memory
    startup_mkl05z4.o(.text) refers (Special) to heapauxi.o(.text) for __use_two_region_memory
    startup_mkl05z4.o(.text) refers to system_mkl05z4.o(.text.SystemInit) for SystemInit
    startup_mkl05z4.o(.text) refers to __main.o(!!!main) for __main
    startup_mkl05z4.o(.text) refers to startup_mkl05z4.o(HEAP) for Heap_Mem
    startup_mkl05z4.o(.text) refers to startup_mkl05z4.o(STACK) for Stack_Mem
    system_mkl05z4.o(.ARM.exidx.text.SystemInit) refers to system_mkl05z4.o(.text.SystemInit) for [Anonymous Symbol]
    system_mkl05z4.o(.text.SystemCoreClockUpdate) refers to aeabi_sdivfast.o(.text_divfast) for __aeabi_uidiv
    system_mkl05z4.o(.text.SystemCoreClockUpdate) refers to system_mkl05z4.o(.data.SystemCoreClock) for SystemCoreClock
    system_mkl05z4.o(.ARM.exidx.text.SystemCoreClockUpdate) refers to system_mkl05z4.o(.text.SystemCoreClockUpdate) for [Anonymous Symbol]
    __main.o(!!!main) refers to __rtentry.o(.ARM.Collect$$rtentry$$00000000) for __rt_entry
    __rtentry.o(.ARM.Collect$$rtentry$$00000000) refers (Special) to __rtentry2.o(.ARM.Collect$$rtentry$$0000000A) for __rt_entry_li
    __rtentry.o(.ARM.Collect$$rtentry$$00000000) refers (Special) to __rtentry2.o(.ARM.Collect$$rtentry$$0000000D) for __rt_entry_main
    __rtentry.o(.ARM.Collect$$rtentry$$00000000) refers (Special) to __rtentry2.o(.ARM.Collect$$rtentry$$0000000C) for __rt_entry_postli_1
    __rtentry.o(.ARM.Collect$$rtentry$$00000000) refers (Special) to __rtentry2.o(.ARM.Collect$$rtentry$$00000009) for __rt_entry_postsh_1
    __rtentry.o(.ARM.Collect$$rtentry$$00000000) refers (Special) to __rtentry2.o(.ARM.Collect$$rtentry$$00000002) for __rt_entry_presh_1
    __rtentry.o(.ARM.Collect$$rtentry$$00000000) refers (Special) to __rtentry4.o(.ARM.Collect$$rtentry$$00000004) for __rt_entry_sh
    aeabi_idiv0_sigfpe.o(.text) refers to rt_div0.o(.text) for __rt_div0
    __rtentry2.o(.ARM.Collect$$rtentry$$00000008) refers to boardinit2.o(.text) for _platform_post_stackheap_init
    __rtentry2.o(.ARM.Collect$$rtentry$$0000000A) refers to libinit.o(.ARM.Collect$$libinit$$00000000) for __rt_lib_init
    __rtentry2.o(.ARM.Collect$$rtentry$$0000000B) refers to boardinit3.o(.text) for _platform_post_lib_init
    __rtentry2.o(.ARM.Collect$$rtentry$$0000000D) refers to main.o(.text.main) for main
    __rtentry2.o(.ARM.Collect$$rtentry$$0000000D) refers to exit.o(.text) for exit
    __rtentry2.o(.ARM.exidx) refers to __rtentry2.o(.ARM.Collect$$rtentry$$00000001) for .ARM.Collect$$rtentry$$00000001
    __rtentry2.o(.ARM.exidx) refers to __rtentry2.o(.ARM.Collect$$rtentry$$00000008) for .ARM.Collect$$rtentry$$00000008
    __rtentry2.o(.ARM.exidx) refers to __rtentry2.o(.ARM.Collect$$rtentry$$0000000A) for .ARM.Collect$$rtentry$$0000000A
    __rtentry2.o(.ARM.exidx) refers to __rtentry2.o(.ARM.Collect$$rtentry$$0000000B) for .ARM.Collect$$rtentry$$0000000B
    __rtentry2.o(.ARM.exidx) refers to __rtentry2.o(.ARM.Collect$$rtentry$$0000000D) for .ARM.Collect$$rtentry$$0000000D
    __rtentry4.o(.ARM.Collect$$rtentry$$00000004) refers to sys_stackheap_outer.o(.text) for __user_setup_stackheap
    __rtentry4.o(.ARM.exidx) refers to __rtentry4.o(.ARM.Collect$$rtentry$$00000004) for .ARM.Collect$$rtentry$$00000004
    rt_div0.o(.text) refers to defsig_fpe_outer.o(.text) for __rt_SIGFPE
    sys_stackheap_outer.o(.text) refers to libspace.o(.text) for __user_perproc_libspace
    sys_stackheap_outer.o(.text) refers to startup_mkl05z4.o(.text) for __user_initial_stackheap
    sys_stackheap_outer.o(__vectab_stack_and_reset_area) refers to tempstk.o(.text) for __temporary_stack_top
    sys_stackheap_outer.o(__vectab_stack_and_reset_area) refers to __main.o(!!!main) for __main
    exit.o(.text) refers to rtexit.o(.ARM.Collect$$rtexit$$00000000) for __rt_exit
    defsig_fpe_outer.o(.text) refers to defsig_fpe_inner.o(.text) for __rt_SIGFPE_inner
    defsig_fpe_outer.o(.text) refers to defsig_exit.o(.text) for __sig_exit
    defsig_fpe_formal.o(.text) refers to rt_raise.o(.text) for __rt_raise
    libinit.o(.ARM.Collect$$libinit$$00000000) refers (Special) to libinit2.o(.ARM.Collect$$libinit$$0000002E) for __rt_lib_init_alloca_1
    libinit.o(.ARM.Collect$$libinit$$00000000) refers (Special) to libinit2.o(.ARM.Collect$$libinit$$0000002C) for __rt_lib_init_argv_1
    libinit.o(.ARM.Collect$$libinit$$00000000) refers (Special) to libinit2.o(.ARM.Collect$$libinit$$0000001B) for __rt_lib_init_atexit_1
    libinit.o(.ARM.Collect$$libinit$$00000000) refers (Special) to libinit2.o(.ARM.Collect$$libinit$$00000021) for __rt_lib_init_clock_1
    libinit.o(.ARM.Collect$$libinit$$00000000) refers (Special) to libinit2.o(.ARM.Collect$$libinit$$00000032) for __rt_lib_init_cpp_1
    libinit.o(.ARM.Collect$$libinit$$00000000) refers (Special) to libinit2.o(.ARM.Collect$$libinit$$00000030) for __rt_lib_init_exceptions_1
    libinit.o(.ARM.Collect$$libinit$$00000000) refers (Special) to libinit2.o(.ARM.Collect$$libinit$$00000002) for __rt_lib_init_fp_1
    libinit.o(.ARM.Collect$$libinit$$00000000) refers (Special) to libinit2.o(.ARM.Collect$$libinit$$0000001F) for __rt_lib_init_fp_trap_1
    libinit.o(.ARM.Collect$$libinit$$00000000) refers (Special) to libinit2.o(.ARM.Collect$$libinit$$00000023) for __rt_lib_init_getenv_1
    libinit.o(.ARM.Collect$$libinit$$00000000) refers (Special) to libinit2.o(.ARM.Collect$$libinit$$0000000A) for __rt_lib_init_heap_1
    libinit.o(.ARM.Collect$$libinit$$00000000) refers (Special) to libinit2.o(.ARM.Collect$$libinit$$00000011) for __rt_lib_init_lc_collate_1
    libinit.o(.ARM.Collect$$libinit$$00000000) refers (Special) to libinit2.o(.ARM.Collect$$libinit$$00000013) for __rt_lib_init_lc_ctype_1
    libinit.o(.ARM.Collect$$libinit$$00000000) refers (Special) to libinit2.o(.ARM.Collect$$libinit$$00000015) for __rt_lib_init_lc_monetary_1
    libinit.o(.ARM.Collect$$libinit$$00000000) refers (Special) to libinit2.o(.ARM.Collect$$libinit$$00000017) for __rt_lib_init_lc_numeric_1
    libinit.o(.ARM.Collect$$libinit$$00000000) refers (Special) to libinit2.o(.ARM.Collect$$libinit$$00000019) for __rt_lib_init_lc_time_1
    libinit.o(.ARM.Collect$$libinit$$00000000) refers (Special) to libinit2.o(.ARM.Collect$$libinit$$00000004) for __rt_lib_init_preinit_1
    libinit.o(.ARM.Collect$$libinit$$00000000) refers (Special) to libinit2.o(.ARM.Collect$$libinit$$0000000E) for __rt_lib_init_rand_1
    libinit.o(.ARM.Collect$$libinit$$00000000) refers (Special) to libinit2.o(.ARM.Collect$$libinit$$00000033) for __rt_lib_init_return
    libinit.o(.ARM.Collect$$libinit$$00000000) refers (Special) to libinit2.o(.ARM.Collect$$libinit$$0000001D) for __rt_lib_init_signal_1
    libinit.o(.ARM.Collect$$libinit$$00000000) refers (Special) to libinit2.o(.ARM.Collect$$libinit$$00000025) for __rt_lib_init_stdio_1
    libinit.o(.ARM.Collect$$libinit$$00000000) refers (Special) to libinit2.o(.ARM.Collect$$libinit$$0000000C) for __rt_lib_init_user_alloc_1
    libspace.o(.text) refers to libspace.o(.bss) for __libspace_start
    rtexit.o(.ARM.Collect$$rtexit$$00000000) refers (Special) to rtexit2.o(.ARM.Collect$$rtexit$$00000004) for __rt_exit_exit
    rtexit.o(.ARM.Collect$$rtexit$$00000000) refers (Special) to rtexit2.o(.ARM.Collect$$rtexit$$00000003) for __rt_exit_ls
    rtexit.o(.ARM.Collect$$rtexit$$00000000) refers (Special) to rtexit2.o(.ARM.Collect$$rtexit$$00000002) for __rt_exit_prels_1
    rtexit.o(.ARM.exidx) refers (Special) to rtexit2.o(.ARM.Collect$$rtexit$$00000004) for __rt_exit_exit
    rtexit.o(.ARM.exidx) refers (Special) to rtexit2.o(.ARM.Collect$$rtexit$$00000003) for __rt_exit_ls
    rtexit.o(.ARM.exidx) refers (Special) to rtexit2.o(.ARM.Collect$$rtexit$$00000002) for __rt_exit_prels_1
    rtexit.o(.ARM.exidx) refers to rtexit.o(.ARM.Collect$$rtexit$$00000000) for .ARM.Collect$$rtexit$$00000000
    rt_raise.o(.text) refers to __raise.o(.text) for __raise
    rt_raise.o(.text) refers to sys_exit.o(.text) for _sys_exit
    defsig_exit.o(.text) refers to sys_exit.o(.text) for _sys_exit
    defsig_fpe_inner.o(.text) refers to defsig_general.o(.text) for __default_signal_display
    libinit2.o(.ARM.Collect$$libinit$$00000010) refers to libinit2.o(.ARM.Collect$$libinit$$0000000F) for .ARM.Collect$$libinit$$0000000F
    libinit2.o(.ARM.Collect$$libinit$$00000012) refers to libinit2.o(.ARM.Collect$$libinit$$0000000F) for .ARM.Collect$$libinit$$0000000F
    libinit2.o(.ARM.Collect$$libinit$$00000014) refers to libinit2.o(.ARM.Collect$$libinit$$0000000F) for .ARM.Collect$$libinit$$0000000F
    libinit2.o(.ARM.Collect$$libinit$$00000016) refers to libinit2.o(.ARM.Collect$$libinit$$0000000F) for .ARM.Collect$$libinit$$0000000F
    libinit2.o(.ARM.Collect$$libinit$$00000018) refers to libinit2.o(.ARM.Collect$$libinit$$0000000F) for .ARM.Collect$$libinit$$0000000F
    libinit2.o(.ARM.Collect$$libinit$$00000026) refers to argv_veneer.o(.text) for __ARM_argv_veneer
    libinit2.o(.ARM.Collect$$libinit$$00000027) refers to argv_veneer.o(.text) for __ARM_argv_veneer
    sys_exit.o(.text) refers (Special) to use_no_semi.o(.text) for __I$use$semihosting
    sys_exit.o(.text) refers (Special) to indicate_semi.o(.text) for __semihosting_library_function
    sys_exit_hlt.o(.text) refers (Special) to use_no_semi.o(.text) for __I$use$semihosting
    sys_exit_hlt.o(.text) refers (Special) to indicate_semi.o(.text) for __semihosting_library_function
    rtexit2.o(.ARM.Collect$$rtexit$$00000003) refers to libshutdown.o(.ARM.Collect$$libshutdown$$00000000) for __rt_lib_shutdown
    rtexit2.o(.ARM.Collect$$rtexit$$00000004) refers to sys_exit.o(.text) for _sys_exit
    rtexit2.o(.ARM.exidx) refers to rtexit2.o(.ARM.Collect$$rtexit$$00000001) for .ARM.Collect$$rtexit$$00000001
    rtexit2.o(.ARM.exidx) refers to rtexit2.o(.ARM.Collect$$rtexit$$00000003) for .ARM.Collect$$rtexit$$00000003
    rtexit2.o(.ARM.exidx) refers to rtexit2.o(.ARM.Collect$$rtexit$$00000004) for .ARM.Collect$$rtexit$$00000004
    __raise.o(.text) refers to defsig.o(CL$$defsig) for __default_signal_handler
    defsig_general.o(.text) refers to sys_wrch.o(.text) for _ttywrch
    sys_wrch.o(.text) refers (Special) to use_no_semi.o(.text) for __I$use$semihosting
    sys_wrch.o(.text) refers (Special) to indicate_semi.o(.text) for __semihosting_library_function
    sys_wrch_hlt.o(.text) refers (Special) to use_no_semi.o(.text) for __I$use$semihosting
    sys_wrch_hlt.o(.text) refers (Special) to indicate_semi.o(.text) for __semihosting_library_function
    defsig.o(CL$$defsig) refers to defsig_fpe_inner.o(.text) for __rt_SIGFPE_inner
    defsig.o(CL$$defsig) refers to defsig_rtmem_inner.o(.text) for __rt_SIGRTMEM_inner
    _get_argv_nomalloc.o(.text) refers (Special) to hrguard.o(.text) for __heap_region$guard
    _get_argv_nomalloc.o(.text) refers to defsig_rtmem_outer.o(.text) for __rt_SIGRTMEM
    _get_argv_nomalloc.o(.text) refers to sys_command.o(.text) for _sys_command_string
    libshutdown.o(.ARM.Collect$$libshutdown$$00000000) refers (Special) to libshutdown2.o(.ARM.Collect$$libshutdown$$00000002) for __rt_lib_shutdown_cpp_1
    libshutdown.o(.ARM.Collect$$libshutdown$$00000000) refers (Special) to libshutdown2.o(.ARM.Collect$$libshutdown$$00000007) for __rt_lib_shutdown_fp_trap_1
    libshutdown.o(.ARM.Collect$$libshutdown$$00000000) refers (Special) to libshutdown2.o(.ARM.Collect$$libshutdown$$0000000F) for __rt_lib_shutdown_heap_1
    libshutdown.o(.ARM.Collect$$libshutdown$$00000000) refers (Special) to libshutdown2.o(.ARM.Collect$$libshutdown$$00000010) for __rt_lib_shutdown_return
    libshutdown.o(.ARM.Collect$$libshutdown$$00000000) refers (Special) to libshutdown2.o(.ARM.Collect$$libshutdown$$0000000A) for __rt_lib_shutdown_signal_1
    libshutdown.o(.ARM.Collect$$libshutdown$$00000000) refers (Special) to libshutdown2.o(.ARM.Collect$$libshutdown$$00000004) for __rt_lib_shutdown_stdio_1
    libshutdown.o(.ARM.Collect$$libshutdown$$00000000) refers (Special) to libshutdown2.o(.ARM.Collect$$libshutdown$$0000000C) for __rt_lib_shutdown_user_alloc_1
    sys_command.o(.text) refers (Special) to use_no_semi.o(.text) for __I$use$semihosting
    sys_command.o(.text) refers (Special) to indicate_semi.o(.text) for __semihosting_library_function
    sys_command_hlt.o(.text) refers (Special) to use_no_semi.o(.text) for __I$use$semihosting
    sys_command_hlt.o(.text) refers (Special) to indicate_semi.o(.text) for __semihosting_library_function
    defsig_abrt_inner.o(.text) refers to defsig_general.o(.text) for __default_signal_display
    defsig_rtred_inner.o(.text) refers to defsig_general.o(.text) for __default_signal_display
    defsig_rtmem_inner.o(.text) refers to defsig_general.o(.text) for __default_signal_display
    defsig_rtmem_outer.o(.text) refers to defsig_rtmem_inner.o(.text) for __rt_SIGRTMEM_inner
    defsig_rtmem_outer.o(.text) refers to defsig_exit.o(.text) for __sig_exit
    defsig_rtmem_formal.o(.text) refers to rt_raise.o(.text) for __rt_raise
    defsig_stak_inner.o(.text) refers to defsig_general.o(.text) for __default_signal_display
    defsig_pvfn_inner.o(.text) refers to defsig_general.o(.text) for __default_signal_display
    defsig_cppl_inner.o(.text) refers to defsig_general.o(.text) for __default_signal_display
    defsig_segv_inner.o(.text) refers to defsig_general.o(.text) for __default_signal_display
    defsig_other.o(.text) refers to defsig_general.o(.text) for __default_signal_display


==============================================================================

Removing Unused input sections from the image.

    Removing main.o(.text), (0 bytes).
    Removing main.o(.ARM.exidx.text.main), (8 bytes).
    Removing main.o(.ARM.use_no_argv), (4 bytes).
    Removing mouse.o(.text), (0 bytes).
    Removing mouse.o(.text.PS2_CLK_LOW), (24 bytes).
    Removing mouse.o(.ARM.exidx.text.PS2_CLK_LOW), (8 bytes).
    Removing mouse.o(.ARM.exidx.text.PS2_CLK_HIGH), (8 bytes).
    Removing mouse.o(.ARM.exidx.text.PS2_DATA_LOW), (8 bytes).
    Removing mouse.o(.ARM.exidx.text.PS2_DATA_HIGH), (8 bytes).
    Removing mouse.o(.ARM.exidx.text.PS2_Init), (8 bytes).
    Removing mouse.o(.ARM.exidx.text.waitForClockLow), (8 bytes).
    Removing mouse.o(.ARM.exidx.text.waitForClockHigh), (8 bytes).
    Removing mouse.o(.ARM.exidx.text.PS2_writeByte), (8 bytes).
    Removing mouse.o(.ARM.exidx.text.PS2_readByte), (8 bytes).
    Removing mouse.o(.ARM.exidx.text.Decode), (8 bytes).
    Removing mouse.o(.ARM.exidx.text.Mouse_Update), (8 bytes).
    Removing mouse.o(.ARM.exidx.text.Clicked), (8 bytes).
    Removing graphics.o(.text), (0 bytes).
    Removing graphics.o(.ARM.exidx.text.DrawBombArea), (8 bytes).
    Removing graphics.o(.ARM.exidx.text.Draw1), (8 bytes).
    Removing graphics.o(.ARM.exidx.text.Draw2), (8 bytes).
    Removing graphics.o(.ARM.exidx.text.Draw3), (8 bytes).
    Removing graphics.o(.ARM.exidx.text.Draw4), (8 bytes).
    Removing graphics.o(.ARM.exidx.text.Draw5), (8 bytes).
    Removing graphics.o(.ARM.exidx.text.Draw6), (8 bytes).
    Removing graphics.o(.ARM.exidx.text.Draw7), (8 bytes).
    Removing graphics.o(.ARM.exidx.text.Draw8), (8 bytes).
    Removing graphics.o(.ARM.exidx.text.DrawBomb), (8 bytes).
    Removing graphics.o(.ARM.exidx.text.DrawFlag), (8 bytes).
    Removing graphics.o(.ARM.exidx.text.DrawMouse), (8 bytes).
    Removing logic.o(.text), (0 bytes).
    Removing logic.o(.ARM.exidx.text.ClearBoard), (8 bytes).
    Removing logic.o(.ARM.exidx.text.MakeBoard), (8 bytes).
    Removing logic.o(.ARM.exidx.text.RenderGame), (8 bytes).
    Removing logic.o(.ARM.exidx.text.Scaling), (8 bytes).
    Removing logic.o(.ARM.exidx.text.ChangeCoverage), (8 bytes).
    Removing oled.o(.text), (0 bytes).
    Removing oled.o(.ARM.exidx.text.OLED_Cmd), (8 bytes).
    Removing oled.o(.ARM.exidx.text.OLED_Init), (8 bytes).
    Removing oled.o(.ARM.exidx.text.DrawPixel), (8 bytes).
    Removing oled.o(.ARM.exidx.text.OLED_ClearBuffer), (8 bytes).
    Removing oled.o(.ARM.exidx.text.OLED_Display), (8 bytes).
    Removing random.o(.text), (0 bytes).
    Removing random.o(.ARM.exidx.text.ADC_Init), (8 bytes).
    Removing random.o(.ARM.exidx.text.ADC_Read), (8 bytes).
    Removing random.o(.ARM.exidx.text.GetNoise), (8 bytes).
    Removing random.o(.ARM.exidx.text.MyRandom), (8 bytes).
    Removing random.o(.ARM.exidx.text.MyRand), (8 bytes).
    Removing spi.o(.text), (0 bytes).
    Removing spi.o(.ARM.exidx.text.delay_us), (8 bytes).
    Removing spi.o(.ARM.exidx.text.delay_ms), (8 bytes).
    Removing spi.o(.ARM.exidx.text.SW_SPI_Write), (8 bytes).
    Removing system_mkl05z4.o(.text), (0 bytes).
    Removing system_mkl05z4.o(.ARM.exidx.text.SystemInit), (8 bytes).
    Removing system_mkl05z4.o(.text.SystemCoreClockUpdate), (184 bytes).
    Removing system_mkl05z4.o(.ARM.exidx.text.SystemCoreClockUpdate), (8 bytes).
    Removing system_mkl05z4.o(.data.SystemCoreClock), (4 bytes).

57 unused section(s) (total 576 bytes) removed from the image.

==============================================================================

Image Symbol Table

    Local Symbols

    Symbol Name                              Value     Ov Type        Size  Object(Section)

    ../clib/angel/boardlib.s                 0x00000000   Number         0  boardinit1.o ABSOLUTE
    ../clib/angel/boardlib.s                 0x00000000   Number         0  boardinit2.o ABSOLUTE
    ../clib/angel/boardlib.s                 0x00000000   Number         0  boardinit3.o ABSOLUTE
    ../clib/angel/boardlib.s                 0x00000000   Number         0  boardshut.o ABSOLUTE
    ../clib/angel/handlers.s                 0x00000000   Number         0  __scatter_copy.o ABSOLUTE
    ../clib/angel/handlers.s                 0x00000000   Number         0  __scatter_zi.o ABSOLUTE
    ../clib/angel/kernel.s                   0x00000000   Number         0  __rtentry.o ABSOLUTE
    ../clib/angel/kernel.s                   0x00000000   Number         0  __rtentry2.o ABSOLUTE
    ../clib/angel/kernel.s                   0x00000000   Number         0  __rtentry4.o ABSOLUTE
    ../clib/angel/kernel.s                   0x00000000   Number         0  rtexit.o ABSOLUTE
    ../clib/angel/kernel.s                   0x00000000   Number         0  rtexit2.o ABSOLUTE
    ../clib/angel/rt.s                       0x00000000   Number         0  aeabi_idiv0.o ABSOLUTE
    ../clib/angel/rt.s                       0x00000000   Number         0  aeabi_idiv0_sigfpe.o ABSOLUTE
    ../clib/angel/rt.s                       0x00000000   Number         0  rt_div0.o ABSOLUTE
    ../clib/angel/rt.s                       0x00000000   Number         0  rt_raise.o ABSOLUTE
    ../clib/angel/scatterp.s                 0x00000000   Number         0  __scatter.o ABSOLUTE
    ../clib/angel/startup.s                  0x00000000   Number         0  __main.o ABSOLUTE
    ../clib/angel/sys.s                      0x00000000   Number         0  sys_stackheap_outer.o ABSOLUTE
    ../clib/angel/sys.s                      0x00000000   Number         0  libspace.o ABSOLUTE
    ../clib/angel/sys.s                      0x00000000   Number         0  tempstk.o ABSOLUTE
    ../clib/angel/sys.s                      0x00000000   Number         0  use_no_semi.o ABSOLUTE
    ../clib/angel/sys.s                      0x00000000   Number         0  indicate_semi.o ABSOLUTE
    ../clib/angel/sysapp.c                   0x00000000   Number         0  sys_exit.o ABSOLUTE
    ../clib/angel/sysapp.c                   0x00000000   Number         0  sys_exit_hlt.o ABSOLUTE
    ../clib/angel/sysapp.c                   0x00000000   Number         0  sys_wrch.o ABSOLUTE
    ../clib/angel/sysapp.c                   0x00000000   Number         0  sys_wrch_hlt.o ABSOLUTE
    ../clib/angel/sysapp.c                   0x00000000   Number         0  sys_command.o ABSOLUTE
    ../clib/angel/sysapp.c                   0x00000000   Number         0  sys_command_hlt.o ABSOLUTE
    ../clib/armsys.c                         0x00000000   Number         0  argv_veneer.o ABSOLUTE
    ../clib/armsys.c                         0x00000000   Number         0  _get_argv_nomalloc.o ABSOLUTE
    ../clib/armsys.c                         0x00000000   Number         0  no_argv.o ABSOLUTE
    ../clib/division.s                       0x00000000   Number         0  aeabi_sdivfast.o ABSOLUTE
    ../clib/division.s                       0x00000000   Number         0  aeabi_sdivfast_div0.o ABSOLUTE
    ../clib/heapalloc.c                      0x00000000   Number         0  hrguard.o ABSOLUTE
    ../clib/heapaux.c                        0x00000000   Number         0  heapauxi.o ABSOLUTE
    ../clib/libinit.s                        0x00000000   Number         0  libinit.o ABSOLUTE
    ../clib/libinit.s                        0x00000000   Number         0  libinit2.o ABSOLUTE
    ../clib/libinit.s                        0x00000000   Number         0  libshutdown.o ABSOLUTE
    ../clib/libinit.s                        0x00000000   Number         0  libshutdown2.o ABSOLUTE
    ../clib/memcpset.c                       0x00000000   Number         0  rt_memclr.o ABSOLUTE
    ../clib/signal.c                         0x00000000   Number         0  defsig_fpe_outer.o ABSOLUTE
    ../clib/signal.c                         0x00000000   Number         0  defsig_fpe_formal.o ABSOLUTE
    ../clib/signal.c                         0x00000000   Number         0  defsig_exit.o ABSOLUTE
    ../clib/signal.c                         0x00000000   Number         0  defsig_fpe_inner.o ABSOLUTE
    ../clib/signal.c                         0x00000000   Number         0  __raise.o ABSOLUTE
    ../clib/signal.c                         0x00000000   Number         0  defsig_general.o ABSOLUTE
    ../clib/signal.c                         0x00000000   Number         0  defsig_abrt_inner.o ABSOLUTE
    ../clib/signal.c                         0x00000000   Number         0  defsig_rtred_inner.o ABSOLUTE
    ../clib/signal.c                         0x00000000   Number         0  defsig_rtmem_inner.o ABSOLUTE
    ../clib/signal.c                         0x00000000   Number         0  defsig_rtmem_outer.o ABSOLUTE
    ../clib/signal.c                         0x00000000   Number         0  defsig_rtmem_formal.o ABSOLUTE
    ../clib/signal.c                         0x00000000   Number         0  defsig_stak_inner.o ABSOLUTE
    ../clib/signal.c                         0x00000000   Number         0  defsig_pvfn_inner.o ABSOLUTE
    ../clib/signal.c                         0x00000000   Number         0  defsig_cppl_inner.o ABSOLUTE
    ../clib/signal.c                         0x00000000   Number         0  defsig_segv_inner.o ABSOLUTE
    ../clib/signal.c                         0x00000000   Number         0  defsig_other.o ABSOLUTE
    ../clib/signal.s                         0x00000000   Number         0  defsig.o ABSOLUTE
    ../clib/stdlib.c                         0x00000000   Number         0  exit.o ABSOLUTE
    ../fplib/cfplib/fpinit.c                 0x00000000   Number         0  fpinit.o ABSOLUTE
    RTE/Device/MKL05Z32xxx4/startup_MKL05Z4.s 0x00000000   Number         0  startup_mkl05z4.o ABSOLUTE
    dc.s                                     0x00000000   Number         0  dc.o ABSOLUTE
    graphics.c                               0x00000000   Number         0  graphics.o ABSOLUTE
    logic.c                                  0x00000000   Number         0  logic.o ABSOLUTE
    main.c                                   0x00000000   Number         0  main.o ABSOLUTE
    mouse.c                                  0x00000000   Number         0  mouse.o ABSOLUTE
    oled.c                                   0x00000000   Number         0  oled.o ABSOLUTE
    random.c                                 0x00000000   Number         0  random.o ABSOLUTE
    spi.c                                    0x00000000   Number         0  spi.o ABSOLUTE
    system_MKL05Z4.c                         0x00000000   Number         0  system_mkl05z4.o ABSOLUTE
    RESET                                    0x00000000   Section      192  startup_mkl05z4.o(RESET)
    !!!main                                  0x000000c0   Section        8  __main.o(!!!main)
    !!!scatter                               0x000000c8   Section       60  __scatter.o(!!!scatter)
    !!handler_copy                           0x00000104   Section       26  __scatter_copy.o(!!handler_copy)
    !!handler_zi                             0x00000120   Section       28  __scatter_zi.o(!!handler_zi)
    .ARM.Collect$$libinit$$00000000          0x0000013c   Section        2  libinit.o(.ARM.Collect$$libinit$$00000000)
    .ARM.Collect$$libinit$$00000002          0x0000013e   Section        0  libinit2.o(.ARM.Collect$$libinit$$00000002)
    .ARM.Collect$$libinit$$00000004          0x0000013e   Section        0  libinit2.o(.ARM.Collect$$libinit$$00000004)
    .ARM.Collect$$libinit$$0000000A          0x0000013e   Section        0  libinit2.o(.ARM.Collect$$libinit$$0000000A)
    .ARM.Collect$$libinit$$0000000C          0x0000013e   Section        0  libinit2.o(.ARM.Collect$$libinit$$0000000C)
    .ARM.Collect$$libinit$$0000000E          0x0000013e   Section        0  libinit2.o(.ARM.Collect$$libinit$$0000000E)
    .ARM.Collect$$libinit$$00000011          0x0000013e   Section        0  libinit2.o(.ARM.Collect$$libinit$$00000011)
    .ARM.Collect$$libinit$$00000013          0x0000013e   Section        0  libinit2.o(.ARM.Collect$$libinit$$00000013)
    .ARM.Collect$$libinit$$00000015          0x0000013e   Section        0  libinit2.o(.ARM.Collect$$libinit$$00000015)
    .ARM.Collect$$libinit$$00000017          0x0000013e   Section        0  libinit2.o(.ARM.Collect$$libinit$$00000017)
    .ARM.Collect$$libinit$$00000019          0x0000013e   Section        0  libinit2.o(.ARM.Collect$$libinit$$00000019)
    .ARM.Collect$$libinit$$0000001B          0x0000013e   Section        0  libinit2.o(.ARM.Collect$$libinit$$0000001B)
    .ARM.Collect$$libinit$$0000001D          0x0000013e   Section        0  libinit2.o(.ARM.Collect$$libinit$$0000001D)
    .ARM.Collect$$libinit$$0000001F          0x0000013e   Section        0  libinit2.o(.ARM.Collect$$libinit$$0000001F)
    .ARM.Collect$$libinit$$00000021          0x0000013e   Section        0  libinit2.o(.ARM.Collect$$libinit$$00000021)
    .ARM.Collect$$libinit$$00000023          0x0000013e   Section        0  libinit2.o(.ARM.Collect$$libinit$$00000023)
    .ARM.Collect$$libinit$$00000025          0x0000013e   Section        0  libinit2.o(.ARM.Collect$$libinit$$00000025)
    .ARM.Collect$$libinit$$0000002C          0x0000013e   Section        0  libinit2.o(.ARM.Collect$$libinit$$0000002C)
    .ARM.Collect$$libinit$$0000002E          0x0000013e   Section        0  libinit2.o(.ARM.Collect$$libinit$$0000002E)
    .ARM.Collect$$libinit$$00000030          0x0000013e   Section        0  libinit2.o(.ARM.Collect$$libinit$$00000030)
    .ARM.Collect$$libinit$$00000032          0x0000013e   Section        0  libinit2.o(.ARM.Collect$$libinit$$00000032)
    .ARM.Collect$$libinit$$00000033          0x0000013e   Section        2  libinit2.o(.ARM.Collect$$libinit$$00000033)
    .ARM.Collect$$libshutdown$$00000000      0x00000140   Section        2  libshutdown.o(.ARM.Collect$$libshutdown$$00000000)
    .ARM.Collect$$libshutdown$$00000002      0x00000142   Section        0  libshutdown2.o(.ARM.Collect$$libshutdown$$00000002)
    .ARM.Collect$$libshutdown$$00000004      0x00000142   Section        0  libshutdown2.o(.ARM.Collect$$libshutdown$$00000004)
    .ARM.Collect$$libshutdown$$00000007      0x00000142   Section        0  libshutdown2.o(.ARM.Collect$$libshutdown$$00000007)
    .ARM.Collect$$libshutdown$$0000000A      0x00000142   Section        0  libshutdown2.o(.ARM.Collect$$libshutdown$$0000000A)
    .ARM.Collect$$libshutdown$$0000000C      0x00000142   Section        0  libshutdown2.o(.ARM.Collect$$libshutdown$$0000000C)
    .ARM.Collect$$libshutdown$$0000000F      0x00000142   Section        0  libshutdown2.o(.ARM.Collect$$libshutdown$$0000000F)
    .ARM.Collect$$libshutdown$$00000010      0x00000142   Section        2  libshutdown2.o(.ARM.Collect$$libshutdown$$00000010)
    .ARM.Collect$$rtentry$$00000000          0x00000144   Section        0  __rtentry.o(.ARM.Collect$$rtentry$$00000000)
    .ARM.Collect$$rtentry$$00000002          0x00000144   Section        0  __rtentry2.o(.ARM.Collect$$rtentry$$00000002)
    .ARM.Collect$$rtentry$$00000004          0x00000144   Section        6  __rtentry4.o(.ARM.Collect$$rtentry$$00000004)
    .ARM.Collect$$rtentry$$00000009          0x0000014a   Section        0  __rtentry2.o(.ARM.Collect$$rtentry$$00000009)
    .ARM.Collect$$rtentry$$0000000A          0x0000014a   Section        4  __rtentry2.o(.ARM.Collect$$rtentry$$0000000A)
    .ARM.Collect$$rtentry$$0000000C          0x0000014e   Section        0  __rtentry2.o(.ARM.Collect$$rtentry$$0000000C)
    .ARM.Collect$$rtentry$$0000000D          0x0000014e   Section        8  __rtentry2.o(.ARM.Collect$$rtentry$$0000000D)
    .ARM.Collect$$rtexit$$00000000           0x00000156   Section        2  rtexit.o(.ARM.Collect$$rtexit$$00000000)
    .ARM.Collect$$rtexit$$00000002           0x00000158   Section        0  rtexit2.o(.ARM.Collect$$rtexit$$00000002)
    .ARM.Collect$$rtexit$$00000003           0x00000158   Section        4  rtexit2.o(.ARM.Collect$$rtexit$$00000003)
    .ARM.Collect$$rtexit$$00000004           0x0000015c   Section        6  rtexit2.o(.ARM.Collect$$rtexit$$00000004)
    .text                                    0x00000164   Section       52  startup_mkl05z4.o(.text)
    .text                                    0x00000198   Section        0  rt_memclr.o(.text)
    .text                                    0x000001d8   Section        0  heapauxi.o(.text)
    .text                                    0x000001de   Section       62  sys_stackheap_outer.o(.text)
    .text                                    0x0000021c   Section        0  exit.o(.text)
    .text                                    0x0000022c   Section        8  libspace.o(.text)
    .text                                    0x00000234   Section        0  sys_exit.o(.text)
    .text                                    0x00000240   Section        2  use_no_semi.o(.text)
    .text                                    0x00000242   Section        0  indicate_semi.o(.text)
    [Anonymous Symbol]                       0x00000244   Section        0  random.o(.text.ADC_Init)
    __arm_cp.0_0                             0x0000025c   Number         4  random.o(.text.ADC_Init)
    __arm_cp.0_1                             0x00000260   Number         4  random.o(.text.ADC_Init)
    [Anonymous Symbol]                       0x00000264   Section        0  random.o(.text.ADC_Read)
    __arm_cp.1_0                             0x00000274   Number         4  random.o(.text.ADC_Read)
    [Anonymous Symbol]                       0x00000278   Section        0  logic.o(.text.ChangeCoverage)
    __arm_cp.4_0                             0x000002d0   Number         4  logic.o(.text.ChangeCoverage)
    [Anonymous Symbol]                       0x000002d4   Section        0  logic.o(.text.ClearBoard)
    __arm_cp.0_0                             0x000002fc   Number         4  logic.o(.text.ClearBoard)
    __arm_cp.0_1                             0x00000300   Number         4  logic.o(.text.ClearBoard)
    [Anonymous Symbol]                       0x00000304   Section        0  mouse.o(.text.Clicked)
    __arm_cp.11_0                            0x0000033c   Number         4  mouse.o(.text.Clicked)
    [Anonymous Symbol]                       0x00000340   Section        0  mouse.o(.text.Decode)
    [Anonymous Symbol]                       0x00000366   Section        0  graphics.o(.text.Draw1)
    [Anonymous Symbol]                       0x000003ba   Section        0  graphics.o(.text.Draw8)
    .ARM.__at_0x400                          0x00000400   Section       16  startup_mkl05z4.o(.ARM.__at_0x400)
    [Anonymous Symbol]                       0x00000410   Section        0  graphics.o(.text.Draw2)
    [Anonymous Symbol]                       0x00000472   Section        0  graphics.o(.text.Draw3)
    [Anonymous Symbol]                       0x000004ec   Section        0  graphics.o(.text.Draw4)
    [Anonymous Symbol]                       0x00000546   Section        0  graphics.o(.text.Draw5)
    [Anonymous Symbol]                       0x000005c8   Section        0  graphics.o(.text.Draw6)
    [Anonymous Symbol]                       0x00000634   Section        0  graphics.o(.text.Draw7)
    [Anonymous Symbol]                       0x0000068e   Section        0  graphics.o(.text.DrawBomb)
    [Anonymous Symbol]                       0x0000074c   Section        0  graphics.o(.text.DrawBombArea)
    [Anonymous Symbol]                       0x000007a8   Section        0  graphics.o(.text.DrawFlag)
    [Anonymous Symbol]                       0x00000814   Section        0  graphics.o(.text.DrawMouse)
    [Anonymous Symbol]                       0x00000884   Section        0  oled.o(.text.DrawPixel)
    [Anonymous Symbol]                       0x000008b4   Section        0  random.o(.text.GetNoise)
    [Anonymous Symbol]                       0x000008d8   Section        0  logic.o(.text.MakeBoard)
    __arm_cp.1_0                             0x000009e4   Number         4  logic.o(.text.MakeBoard)
    __arm_cp.1_1                             0x000009e8   Number         4  logic.o(.text.MakeBoard)
    [Anonymous Symbol]                       0x000009ec   Section        0  mouse.o(.text.Mouse_Update)
    __arm_cp.10_0                            0x00000a58   Number         4  mouse.o(.text.Mouse_Update)
    __arm_cp.10_1                            0x00000a5c   Number         4  mouse.o(.text.Mouse_Update)
    __arm_cp.10_2                            0x00000a60   Number         4  mouse.o(.text.Mouse_Update)
    [Anonymous Symbol]                       0x00000a64   Section        0  random.o(.text.MyRand)
    __arm_cp.4_1                             0x00000a78   Number         4  random.o(.text.MyRand)
    __arm_cp.4_2                             0x00000a7c   Number         4  random.o(.text.MyRand)
    [Anonymous Symbol]                       0x00000a80   Section        0  random.o(.text.MyRandom)
    __arm_cp.3_0                             0x00000a88   Number         4  random.o(.text.MyRandom)
    [Anonymous Symbol]                       0x00000a8c   Section        0  oled.o(.text.OLED_ClearBuffer)
    [Anonymous Symbol]                       0x00000a9c   Section        0  oled.o(.text.OLED_Cmd)
    __arm_cp.0_0                             0x00000ab4   Number         4  oled.o(.text.OLED_Cmd)
    [Anonymous Symbol]                       0x00000ab8   Section        0  oled.o(.text.OLED_Display)
    __arm_cp.4_0                             0x00000b04   Number         4  oled.o(.text.OLED_Display)
    __arm_cp.4_1                             0x00000b08   Number         4  oled.o(.text.OLED_Display)
    [Anonymous Symbol]                       0x00000b0c   Section        0  oled.o(.text.OLED_Init)
    __arm_cp.1_1                             0x00000bc8   Number         4  oled.o(.text.OLED_Init)
    __arm_cp.1_2                             0x00000bcc   Number         4  oled.o(.text.OLED_Init)
    __arm_cp.1_3                             0x00000bd0   Number         4  oled.o(.text.OLED_Init)
    [Anonymous Symbol]                       0x00000bd4   Section        0  mouse.o(.text.PS2_CLK_HIGH)
    [Anonymous Symbol]                       0x00000be0   Section        0  mouse.o(.text.PS2_DATA_HIGH)
    [Anonymous Symbol]                       0x00000bec   Section        0  mouse.o(.text.PS2_DATA_LOW)
    __arm_cp.2_0                             0x00000c00   Number         4  mouse.o(.text.PS2_DATA_LOW)
    [Anonymous Symbol]                       0x00000c04   Section        0  mouse.o(.text.PS2_Init)
    __arm_cp.4_0                             0x00000c28   Number         4  mouse.o(.text.PS2_Init)
    __arm_cp.4_1                             0x00000c2c   Number         4  mouse.o(.text.PS2_Init)
    [Anonymous Symbol]                       0x00000c30   Section        0  mouse.o(.text.PS2_readByte)
    [Anonymous Symbol]                       0x00000c78   Section        0  mouse.o(.text.PS2_writeByte)
    [Anonymous Symbol]                       0x00000cc8   Section        0  logic.o(.text.RenderGame)
    __arm_cp.2_0                             0x00000df0   Number         4  logic.o(.text.RenderGame)
    __arm_cp.2_1                             0x00000df4   Number         4  logic.o(.text.RenderGame)
    [Anonymous Symbol]                       0x00000df8   Section        0  spi.o(.text.SW_SPI_Write)
    __arm_cp.2_0                             0x00000e3c   Number         4  spi.o(.text.SW_SPI_Write)
    [Anonymous Symbol]                       0x00000e40   Section        0  logic.o(.text.Scaling)
    [Anonymous Symbol]                       0x00000e5c   Section        0  system_mkl05z4.o(.text.SystemInit)
    __arm_cp.0_0                             0x00000e98   Number         4  system_mkl05z4.o(.text.SystemInit)
    __arm_cp.0_1                             0x00000e9c   Number         4  system_mkl05z4.o(.text.SystemInit)
    __arm_cp.0_2                             0x00000ea0   Number         4  system_mkl05z4.o(.text.SystemInit)
    __arm_cp.0_3                             0x00000ea4   Number         4  system_mkl05z4.o(.text.SystemInit)
    [Anonymous Symbol]                       0x00000ea8   Section        0  spi.o(.text.delay_ms)
    [Anonymous Symbol]                       0x00000eca   Section        0  spi.o(.text.delay_us)
    [Anonymous Symbol]                       0x00000eec   Section        0  main.o(.text.main)
    __arm_cp.0_0                             0x00000fb8   Number         4  main.o(.text.main)
    __arm_cp.0_1                             0x00000fbc   Number         4  main.o(.text.main)
    [Anonymous Symbol]                       0x00000fc0   Section        0  mouse.o(.text.waitForClockHigh)
    [Anonymous Symbol]                       0x00000fcc   Section        0  mouse.o(.text.waitForClockLow)
    __arm_cp.5_0                             0x00000fd8   Number         4  mouse.o(.text.waitForClockLow)
    .bss                                     0x1ffffc10   Section       96  libspace.o(.bss)
    Heap_Mem                                 0x20000620   Data           0  startup_mkl05z4.o(HEAP)
    Stack_Mem                                0x20000620   Data         256  startup_mkl05z4.o(STACK)
    HEAP                                     0x20000620   Section        0  startup_mkl05z4.o(HEAP)
    STACK                                    0x20000620   Section      256  startup_mkl05z4.o(STACK)
    __initial_sp                             0x20000720   Data           0  startup_mkl05z4.o(STACK)

    Global Symbols

    Symbol Name                              Value     Ov Type        Size  Object(Section)

    BuildAttributes$$THM_ISAv3M$S$PE$A:L22$X:L11$S22$IEEE1$IW$~IW$USESV6$~STKCKD$USESV7$~SHL$OTIME$ROPI$EBA8$UX$STANDARDLIB$REQ8$PRES8$EABIv2 0x00000000   Number         0  anon$$obj.o ABSOLUTE
    __Vectors                                0x00000000   Data           4  startup_mkl05z4.o(RESET)
    __ARM_exceptions_init                     - Undefined Weak Reference
    __alloca_initialize                       - Undefined Weak Reference
    __arm_preinit_                            - Undefined Weak Reference
    __cpp_initialize__aeabi_                  - Undefined Weak Reference
    __cxa_finalize                            - Undefined Weak Reference
    __rt_locale                               - Undefined Weak Reference
    __sigvec_lookup                           - Undefined Weak Reference
    _atexit_init                              - Undefined Weak Reference
    _call_atexit_fns                          - Undefined Weak Reference
    _clock_init                               - Undefined Weak Reference
    _fp_trap_init                             - Undefined Weak Reference
    _fp_trap_shutdown                         - Undefined Weak Reference
    _get_lc_collate                           - Undefined Weak Reference
    _get_lc_ctype                             - Undefined Weak Reference
    _get_lc_monetary                          - Undefined Weak Reference
    _get_lc_numeric                           - Undefined Weak Reference
    _get_lc_time                              - Undefined Weak Reference
    _getenv_init                              - Undefined Weak Reference
    _handle_redirection                       - Undefined Weak Reference
    _init_alloc                               - Undefined Weak Reference
    _init_user_alloc                          - Undefined Weak Reference
    _initio                                   - Undefined Weak Reference
    _rand_init                                - Undefined Weak Reference
    _signal_finish                            - Undefined Weak Reference
    _signal_init                              - Undefined Weak Reference
    _terminate_alloc                          - Undefined Weak Reference
    _terminate_user_alloc                     - Undefined Weak Reference
    _terminateio                              - Undefined Weak Reference
    __Vectors_End                            0x000000c0   Data           0  startup_mkl05z4.o(RESET)
    __Vectors_Size                           0x000000c0   Number         0  startup_mkl05z4.o ABSOLUTE
    __main                                   0x000000c1   Thumb Code     8  __main.o(!!!main)
    __scatterload                            0x000000c9   Thumb Code     0  __scatter.o(!!!scatter)
    __scatterload_rt2                        0x000000c9   Thumb Code    52  __scatter.o(!!!scatter)
    __scatterload_rt2_thumb_only             0x000000c9   Thumb Code     0  __scatter.o(!!!scatter)
    __scatterload_null                       0x000000d9   Thumb Code     0  __scatter.o(!!!scatter)
    __scatterload_copy                       0x00000105   Thumb Code    26  __scatter_copy.o(!!handler_copy)
    __scatterload_zeroinit                   0x00000121   Thumb Code    28  __scatter_zi.o(!!handler_zi)
    __rt_lib_init                            0x0000013d   Thumb Code     0  libinit.o(.ARM.Collect$$libinit$$00000000)
    __rt_lib_init_alloca_1                   0x0000013f   Thumb Code     0  libinit2.o(.ARM.Collect$$libinit$$0000002E)
    __rt_lib_init_argv_1                     0x0000013f   Thumb Code     0  libinit2.o(.ARM.Collect$$libinit$$0000002C)
    __rt_lib_init_atexit_1                   0x0000013f   Thumb Code     0  libinit2.o(.ARM.Collect$$libinit$$0000001B)
    __rt_lib_init_clock_1                    0x0000013f   Thumb Code     0  libinit2.o(.ARM.Collect$$libinit$$00000021)
    __rt_lib_init_cpp_1                      0x0000013f   Thumb Code     0  libinit2.o(.ARM.Collect$$libinit$$00000032)
    __rt_lib_init_exceptions_1               0x0000013f   Thumb Code     0  libinit2.o(.ARM.Collect$$libinit$$00000030)
    __rt_lib_init_fp_1                       0x0000013f   Thumb Code     0  libinit2.o(.ARM.Collect$$libinit$$00000002)
    __rt_lib_init_fp_trap_1                  0x0000013f   Thumb Code     0  libinit2.o(.ARM.Collect$$libinit$$0000001F)
    __rt_lib_init_getenv_1                   0x0000013f   Thumb Code     0  libinit2.o(.ARM.Collect$$libinit$$00000023)
    __rt_lib_init_heap_1                     0x0000013f   Thumb Code     0  libinit2.o(.ARM.Collect$$libinit$$0000000A)
    __rt_lib_init_lc_collate_1               0x0000013f   Thumb Code     0  libinit2.o(.ARM.Collect$$libinit$$00000011)
    __rt_lib_init_lc_ctype_1                 0x0000013f   Thumb Code     0  libinit2.o(.ARM.Collect$$libinit$$00000013)
    __rt_lib_init_lc_monetary_1              0x0000013f   Thumb Code     0  libinit2.o(.ARM.Collect$$libinit$$00000015)
    __rt_lib_init_lc_numeric_1               0x0000013f   Thumb Code     0  libinit2.o(.ARM.Collect$$libinit$$00000017)
    __rt_lib_init_lc_time_1                  0x0000013f   Thumb Code     0  libinit2.o(.ARM.Collect$$libinit$$00000019)
    __rt_lib_init_preinit_1                  0x0000013f   Thumb Code     0  libinit2.o(.ARM.Collect$$libinit$$00000004)
    __rt_lib_init_rand_1                     0x0000013f   Thumb Code     0  libinit2.o(.ARM.Collect$$libinit$$0000000E)
    __rt_lib_init_return                     0x0000013f   Thumb Code     0  libinit2.o(.ARM.Collect$$libinit$$00000033)
    __rt_lib_init_signal_1                   0x0000013f   Thumb Code     0  libinit2.o(.ARM.Collect$$libinit$$0000001D)
    __rt_lib_init_stdio_1                    0x0000013f   Thumb Code     0  libinit2.o(.ARM.Collect$$libinit$$00000025)
    __rt_lib_init_user_alloc_1               0x0000013f   Thumb Code     0  libinit2.o(.ARM.Collect$$libinit$$0000000C)
    __rt_lib_shutdown                        0x00000141   Thumb Code     0  libshutdown.o(.ARM.Collect$$libshutdown$$00000000)
    __rt_lib_shutdown_cpp_1                  0x00000143   Thumb Code     0  libshutdown2.o(.ARM.Collect$$libshutdown$$00000002)
    __rt_lib_shutdown_fp_trap_1              0x00000143   Thumb Code     0  libshutdown2.o(.ARM.Collect$$libshutdown$$00000007)
    __rt_lib_shutdown_heap_1                 0x00000143   Thumb Code     0  libshutdown2.o(.ARM.Collect$$libshutdown$$0000000F)
    __rt_lib_shutdown_return                 0x00000143   Thumb Code     0  libshutdown2.o(.ARM.Collect$$libshutdown$$00000010)
    __rt_lib_shutdown_signal_1               0x00000143   Thumb Code     0  libshutdown2.o(.ARM.Collect$$libshutdown$$0000000A)
    __rt_lib_shutdown_stdio_1                0x00000143   Thumb Code     0  libshutdown2.o(.ARM.Collect$$libshutdown$$00000004)
    __rt_lib_shutdown_user_alloc_1           0x00000143   Thumb Code     0  libshutdown2.o(.ARM.Collect$$libshutdown$$0000000C)
    __rt_entry                               0x00000145   Thumb Code     0  __rtentry.o(.ARM.Collect$$rtentry$$00000000)
    __rt_entry_presh_1                       0x00000145   Thumb Code     0  __rtentry2.o(.ARM.Collect$$rtentry$$00000002)
    __rt_entry_sh                            0x00000145   Thumb Code     0  __rtentry4.o(.ARM.Collect$$rtentry$$00000004)
    __rt_entry_li                            0x0000014b   Thumb Code     0  __rtentry2.o(.ARM.Collect$$rtentry$$0000000A)
    __rt_entry_postsh_1                      0x0000014b   Thumb Code     0  __rtentry2.o(.ARM.Collect$$rtentry$$00000009)
    __rt_entry_main                          0x0000014f   Thumb Code     0  __rtentry2.o(.ARM.Collect$$rtentry$$0000000D)
    __rt_entry_postli_1                      0x0000014f   Thumb Code     0  __rtentry2.o(.ARM.Collect$$rtentry$$0000000C)
    __rt_exit                                0x00000157   Thumb Code     0  rtexit.o(.ARM.Collect$$rtexit$$00000000)
    __rt_exit_ls                             0x00000159   Thumb Code     0  rtexit2.o(.ARM.Collect$$rtexit$$00000003)
    __rt_exit_prels_1                        0x00000159   Thumb Code     0  rtexit2.o(.ARM.Collect$$rtexit$$00000002)
    __rt_exit_exit                           0x0000015d   Thumb Code     0  rtexit2.o(.ARM.Collect$$rtexit$$00000004)
    Reset_Handler                            0x00000165   Thumb Code     8  startup_mkl05z4.o(.text)
    NMI_Handler                              0x0000016d   Thumb Code     2  startup_mkl05z4.o(.text)
    HardFault_Handler                        0x0000016f   Thumb Code     2  startup_mkl05z4.o(.text)
    SVC_Handler                              0x00000171   Thumb Code     2  startup_mkl05z4.o(.text)
    PendSV_Handler                           0x00000173   Thumb Code     2  startup_mkl05z4.o(.text)
    SysTick_Handler                          0x00000175   Thumb Code     2  startup_mkl05z4.o(.text)
    ADC0_IRQHandler                          0x00000177   Thumb Code     0  startup_mkl05z4.o(.text)
    CMP0_IRQHandler                          0x00000177   Thumb Code     0  startup_mkl05z4.o(.text)
    DAC0_IRQHandler                          0x00000177   Thumb Code     0  startup_mkl05z4.o(.text)
    DMA0_IRQHandler                          0x00000177   Thumb Code     0  startup_mkl05z4.o(.text)
    DMA1_IRQHandler                          0x00000177   Thumb Code     0  startup_mkl05z4.o(.text)
    DMA2_IRQHandler                          0x00000177   Thumb Code     0  startup_mkl05z4.o(.text)
    DMA3_IRQHandler                          0x00000177   Thumb Code     0  startup_mkl05z4.o(.text)
    DefaultISR                               0x00000177   Thumb Code     0  startup_mkl05z4.o(.text)
    FTFA_IRQHandler                          0x00000177   Thumb Code     0  startup_mkl05z4.o(.text)
    I2C0_IRQHandler                          0x00000177   Thumb Code     0  startup_mkl05z4.o(.text)
    LLW_IRQHandler                           0x00000177   Thumb Code     0  startup_mkl05z4.o(.text)
    LPTimer_IRQHandler                       0x00000177   Thumb Code     0  startup_mkl05z4.o(.text)
    LVD_LVW_IRQHandler                       0x00000177   Thumb Code     0  startup_mkl05z4.o(.text)
    MCG_IRQHandler                           0x00000177   Thumb Code     0  startup_mkl05z4.o(.text)
    PIT_IRQHandler                           0x00000177   Thumb Code     0  startup_mkl05z4.o(.text)
    PORTA_IRQHandler                         0x00000177   Thumb Code     0  startup_mkl05z4.o(.text)
    PORTB_IRQHandler                         0x00000177   Thumb Code     0  startup_mkl05z4.o(.text)
    RTC_IRQHandler                           0x00000177   Thumb Code     0  startup_mkl05z4.o(.text)
    RTC_Seconds_IRQHandler                   0x00000177   Thumb Code     0  startup_mkl05z4.o(.text)
    Reserved20_IRQHandler                    0x00000177   Thumb Code     0  startup_mkl05z4.o(.text)
    Reserved25_IRQHandler                    0x00000177   Thumb Code     0  startup_mkl05z4.o(.text)
    Reserved27_IRQHandler                    0x00000177   Thumb Code     0  startup_mkl05z4.o(.text)
    Reserved29_IRQHandler                    0x00000177   Thumb Code     0  startup_mkl05z4.o(.text)
    Reserved30_IRQHandler                    0x00000177   Thumb Code     0  startup_mkl05z4.o(.text)
    Reserved35_IRQHandler                    0x00000177   Thumb Code     0  startup_mkl05z4.o(.text)
    Reserved39_IRQHandler                    0x00000177   Thumb Code     0  startup_mkl05z4.o(.text)
    Reserved40_IRQHandler                    0x00000177   Thumb Code     0  startup_mkl05z4.o(.text)
    Reserved45_IRQHandler                    0x00000177   Thumb Code     0  startup_mkl05z4.o(.text)
    SPI0_IRQHandler                          0x00000177   Thumb Code     0  startup_mkl05z4.o(.text)
    TPM0_IRQHandler                          0x00000177   Thumb Code     0  startup_mkl05z4.o(.text)
    TPM1_IRQHandler                          0x00000177   Thumb Code     0  startup_mkl05z4.o(.text)
    TSI0_IRQHandler                          0x00000177   Thumb Code     0  startup_mkl05z4.o(.text)
    UART0_IRQHandler                         0x00000177   Thumb Code     0  startup_mkl05z4.o(.text)
    __user_initial_stackheap                 0x00000179   Thumb Code     0  startup_mkl05z4.o(.text)
    _memset_w                                0x00000199   Thumb Code    26  rt_memclr.o(.text)
    _memset                                  0x000001b3   Thumb Code    30  rt_memclr.o(.text)
    __aeabi_memclr                           0x000001d1   Thumb Code     4  rt_memclr.o(.text)
    __rt_memclr                              0x000001d1   Thumb Code     0  rt_memclr.o(.text)
    __aeabi_memclr4                          0x000001d5   Thumb Code     0  rt_memclr.o(.text)
    __aeabi_memclr8                          0x000001d5   Thumb Code     0  rt_memclr.o(.text)
    __rt_memclr_w                            0x000001d5   Thumb Code     4  rt_memclr.o(.text)
    __use_two_region_memory                  0x000001d9   Thumb Code     2  heapauxi.o(.text)
    __rt_heap_escrow$2region                 0x000001db   Thumb Code     2  heapauxi.o(.text)
    __rt_heap_expand$2region                 0x000001dd   Thumb Code     2  heapauxi.o(.text)
    __user_setup_stackheap                   0x000001df   Thumb Code    62  sys_stackheap_outer.o(.text)
    exit                                     0x0000021d   Thumb Code    16  exit.o(.text)
    __user_libspace                          0x0000022d   Thumb Code     8  libspace.o(.text)
    __user_perproc_libspace                  0x0000022d   Thumb Code     0  libspace.o(.text)
    __user_perthread_libspace                0x0000022d   Thumb Code     0  libspace.o(.text)
    _sys_exit                                0x00000235   Thumb Code     8  sys_exit.o(.text)
    __I$use$semihosting                      0x00000241   Thumb Code     0  use_no_semi.o(.text)
    __use_no_semihosting_swi                 0x00000241   Thumb Code     2  use_no_semi.o(.text)
    __semihosting_library_function           0x00000243   Thumb Code     0  indicate_semi.o(.text)
    ADC_Init                                 0x00000245   Thumb Code    24  random.o(.text.ADC_Init)
    ADC_Read                                 0x00000265   Thumb Code    16  random.o(.text.ADC_Read)
    ChangeCoverage                           0x00000279   Thumb Code    88  logic.o(.text.ChangeCoverage)
    ClearBoard                               0x000002d5   Thumb Code    40  logic.o(.text.ClearBoard)
    Clicked                                  0x00000305   Thumb Code    56  mouse.o(.text.Clicked)
    Decode                                   0x00000341   Thumb Code    38  mouse.o(.text.Decode)
    Draw1                                    0x00000367   Thumb Code    84  graphics.o(.text.Draw1)
    Draw8                                    0x000003bb   Thumb Code    60  graphics.o(.text.Draw8)
    Draw2                                    0x00000411   Thumb Code    98  graphics.o(.text.Draw2)
    Draw3                                    0x00000473   Thumb Code   122  graphics.o(.text.Draw3)
    Draw4                                    0x000004ed   Thumb Code    90  graphics.o(.text.Draw4)
    Draw5                                    0x00000547   Thumb Code   130  graphics.o(.text.Draw5)
    Draw6                                    0x000005c9   Thumb Code   108  graphics.o(.text.Draw6)
    Draw7                                    0x00000635   Thumb Code    90  graphics.o(.text.Draw7)
    DrawBomb                                 0x0000068f   Thumb Code   190  graphics.o(.text.DrawBomb)
    DrawBombArea                             0x0000074d   Thumb Code    92  graphics.o(.text.DrawBombArea)
    DrawFlag                                 0x000007a9   Thumb Code   108  graphics.o(.text.DrawFlag)
    DrawMouse                                0x00000815   Thumb Code   110  graphics.o(.text.DrawMouse)
    DrawPixel                                0x00000885   Thumb Code    48  oled.o(.text.DrawPixel)
    GetNoise                                 0x000008b5   Thumb Code    36  random.o(.text.GetNoise)
    MakeBoard                                0x000008d9   Thumb Code   268  logic.o(.text.MakeBoard)
    Mouse_Update                             0x000009ed   Thumb Code   108  mouse.o(.text.Mouse_Update)
    MyRand                                   0x00000a65   Thumb Code    20  random.o(.text.MyRand)
    MyRandom                                 0x00000a81   Thumb Code     8  random.o(.text.MyRandom)
    OLED_ClearBuffer                         0x00000a8d   Thumb Code    16  oled.o(.text.OLED_ClearBuffer)
    OLED_Cmd                                 0x00000a9d   Thumb Code    24  oled.o(.text.OLED_Cmd)
    OLED_Display                             0x00000ab9   Thumb Code    76  oled.o(.text.OLED_Display)
    OLED_Init                                0x00000b0d   Thumb Code   188  oled.o(.text.OLED_Init)
    PS2_CLK_HIGH                             0x00000bd5   Thumb Code    12  mouse.o(.text.PS2_CLK_HIGH)
    PS2_DATA_HIGH                            0x00000be1   Thumb Code    12  mouse.o(.text.PS2_DATA_HIGH)
    PS2_DATA_LOW                             0x00000bed   Thumb Code    20  mouse.o(.text.PS2_DATA_LOW)
    PS2_Init                                 0x00000c05   Thumb Code    36  mouse.o(.text.PS2_Init)
    PS2_readByte                             0x00000c31   Thumb Code    72  mouse.o(.text.PS2_readByte)
    PS2_writeByte                            0x00000c79   Thumb Code    78  mouse.o(.text.PS2_writeByte)
    RenderGame                               0x00000cc9   Thumb Code   296  logic.o(.text.RenderGame)
    SW_SPI_Write                             0x00000df9   Thumb Code    68  spi.o(.text.SW_SPI_Write)
    Scaling                                  0x00000e41   Thumb Code    28  logic.o(.text.Scaling)
    SystemInit                               0x00000e5d   Thumb Code    60  system_mkl05z4.o(.text.SystemInit)
    delay_ms                                 0x00000ea9   Thumb Code    34  spi.o(.text.delay_ms)
    delay_us                                 0x00000ecb   Thumb Code    32  spi.o(.text.delay_us)
    main                                     0x00000eed   Thumb Code   204  main.o(.text.main)
    waitForClockHigh                         0x00000fc1   Thumb Code    12  mouse.o(.text.waitForClockHigh)
    waitForClockLow                          0x00000fcd   Thumb Code    12  mouse.o(.text.waitForClockLow)
    Region$$Table$$Base                      0x00000fdc   Number         0  anon$$obj.o(Region$$Table)
    Region$$Table$$Limit                     0x00000ffc   Number         0  anon$$obj.o(Region$$Table)
    mouse                                    0x1ffffc00   Data           8  mouse.o(.data.mouse)
    random_state                             0x1ffffc08   Data           4  random.o(.data.random_state)
    __libspace_start                         0x1ffffc10   Data          96  libspace.o(.bss)
    __temporary_stack_top$libspace           0x1ffffc70   Data           0  libspace.o(.bss)
    board                                    0x1ffffc70   Data         720  logic.o(.bss.board)
    board1                                   0x1fffff40   Data         720  logic.o(.bss.board1)
    buffer                                   0x20000210   Data        1024  oled.o(.bss.buffer)
    click                                    0x20000610   Data           8  mouse.o(.bss.click)
    xy                                       0x20000618   Data           8  logic.o(.bss.xy)



==============================================================================

Memory Map of the image

  Image Entry point : 0x00000165

  Load Region LR_1 (Base: 0x00000000, Size: 0x00001008, Max: 0xffffffff, ABSOLUTE)

    Execution Region ER_RO (Exec base: 0x00000000, Load base: 0x00000000, Size: 0x00000ffc, Max: 0xffffffff, ABSOLUTE)

    Exec Addr    Load Addr    Size         Type   Attr      Idx    E Section Name        Object

    0x00000000   0x00000000   0x000000c0   Data   RO          152    RESET               startup_mkl05z4.o
    0x000000c0   0x000000c0   0x00000008   Code   RO          189  * !!!main             c_p.l(__main.o)
    0x000000c8   0x000000c8   0x0000003c   Code   RO          364    !!!scatter          c_p.l(__scatter.o)
    0x00000104   0x00000104   0x0000001a   Code   RO          366    !!handler_copy      c_p.l(__scatter_copy.o)
    0x0000011e   0x0000011e   0x00000002   PAD
    0x00000120   0x00000120   0x0000001c   Code   RO          368    !!handler_zi        c_p.l(__scatter_zi.o)
    0x0000013c   0x0000013c   0x00000002   Code   RO          227    .ARM.Collect$$libinit$$00000000  c_p.l(libinit.o)
    0x0000013e   0x0000013e   0x00000000   Code   RO          241    .ARM.Collect$$libinit$$00000002  c_p.l(libinit2.o)
    0x0000013e   0x0000013e   0x00000000   Code   RO          243    .ARM.Collect$$libinit$$00000004  c_p.l(libinit2.o)
    0x0000013e   0x0000013e   0x00000000   Code   RO          246    .ARM.Collect$$libinit$$0000000A  c_p.l(libinit2.o)
    0x0000013e   0x0000013e   0x00000000   Code   RO          248    .ARM.Collect$$libinit$$0000000C  c_p.l(libinit2.o)
    0x0000013e   0x0000013e   0x00000000   Code   RO          250    .ARM.Collect$$libinit$$0000000E  c_p.l(libinit2.o)
    0x0000013e   0x0000013e   0x00000000   Code   RO          253    .ARM.Collect$$libinit$$00000011  c_p.l(libinit2.o)
    0x0000013e   0x0000013e   0x00000000   Code   RO          255    .ARM.Collect$$libinit$$00000013  c_p.l(libinit2.o)
    0x0000013e   0x0000013e   0x00000000   Code   RO          257    .ARM.Collect$$libinit$$00000015  c_p.l(libinit2.o)
    0x0000013e   0x0000013e   0x00000000   Code   RO          259    .ARM.Collect$$libinit$$00000017  c_p.l(libinit2.o)
    0x0000013e   0x0000013e   0x00000000   Code   RO          261    .ARM.Collect$$libinit$$00000019  c_p.l(libinit2.o)
    0x0000013e   0x0000013e   0x00000000   Code   RO          263    .ARM.Collect$$libinit$$0000001B  c_p.l(libinit2.o)
    0x0000013e   0x0000013e   0x00000000   Code   RO          265    .ARM.Collect$$libinit$$0000001D  c_p.l(libinit2.o)
    0x0000013e   0x0000013e   0x00000000   Code   RO          267    .ARM.Collect$$libinit$$0000001F  c_p.l(libinit2.o)
    0x0000013e   0x0000013e   0x00000000   Code   RO          269    .ARM.Collect$$libinit$$00000021  c_p.l(libinit2.o)
    0x0000013e   0x0000013e   0x00000000   Code   RO          271    .ARM.Collect$$libinit$$00000023  c_p.l(libinit2.o)
    0x0000013e   0x0000013e   0x00000000   Code   RO          273    .ARM.Collect$$libinit$$00000025  c_p.l(libinit2.o)
    0x0000013e   0x0000013e   0x00000000   Code   RO          277    .ARM.Collect$$libinit$$0000002C  c_p.l(libinit2.o)
    0x0000013e   0x0000013e   0x00000000   Code   RO          279    .ARM.Collect$$libinit$$0000002E  c_p.l(libinit2.o)
    0x0000013e   0x0000013e   0x00000000   Code   RO          281    .ARM.Collect$$libinit$$00000030  c_p.l(libinit2.o)
    0x0000013e   0x0000013e   0x00000000   Code   RO          283    .ARM.Collect$$libinit$$00000032  c_p.l(libinit2.o)
    0x0000013e   0x0000013e   0x00000002   Code   RO          284    .ARM.Collect$$libinit$$00000033  c_p.l(libinit2.o)
    0x00000140   0x00000140   0x00000002   Code   RO          319    .ARM.Collect$$libshutdown$$00000000  c_p.l(libshutdown.o)
    0x00000142   0x00000142   0x00000000   Code   RO          347    .ARM.Collect$$libshutdown$$00000002  c_p.l(libshutdown2.o)
    0x00000142   0x00000142   0x00000000   Code   RO          349    .ARM.Collect$$libshutdown$$00000004  c_p.l(libshutdown2.o)
    0x00000142   0x00000142   0x00000000   Code   RO          352    .ARM.Collect$$libshutdown$$00000007  c_p.l(libshutdown2.o)
    0x00000142   0x00000142   0x00000000   Code   RO          355    .ARM.Collect$$libshutdown$$0000000A  c_p.l(libshutdown2.o)
    0x00000142   0x00000142   0x00000000   Code   RO          357    .ARM.Collect$$libshutdown$$0000000C  c_p.l(libshutdown2.o)
    0x00000142   0x00000142   0x00000000   Code   RO          360    .ARM.Collect$$libshutdown$$0000000F  c_p.l(libshutdown2.o)
    0x00000142   0x00000142   0x00000002   Code   RO          361    .ARM.Collect$$libshutdown$$00000010  c_p.l(libshutdown2.o)
    0x00000144   0x00000144   0x00000000   Code   RO          191    .ARM.Collect$$rtentry$$00000000  c_p.l(__rtentry.o)
    0x00000144   0x00000144   0x00000000   Code   RO          197    .ARM.Collect$$rtentry$$00000002  c_p.l(__rtentry2.o)
    0x00000144   0x00000144   0x00000006   Code   RO          209    .ARM.Collect$$rtentry$$00000004  c_p.l(__rtentry4.o)
    0x0000014a   0x0000014a   0x00000000   Code   RO          199    .ARM.Collect$$rtentry$$00000009  c_p.l(__rtentry2.o)
    0x0000014a   0x0000014a   0x00000004   Code   RO          200    .ARM.Collect$$rtentry$$0000000A  c_p.l(__rtentry2.o)
    0x0000014e   0x0000014e   0x00000000   Code   RO          202    .ARM.Collect$$rtentry$$0000000C  c_p.l(__rtentry2.o)
    0x0000014e   0x0000014e   0x00000008   Code   RO          203    .ARM.Collect$$rtentry$$0000000D  c_p.l(__rtentry2.o)
    0x00000156   0x00000156   0x00000002   Code   RO          232    .ARM.Collect$$rtexit$$00000000  c_p.l(rtexit.o)
    0x00000158   0x00000158   0x00000000   Code   RO          290    .ARM.Collect$$rtexit$$00000002  c_p.l(rtexit2.o)
    0x00000158   0x00000158   0x00000004   Code   RO          291    .ARM.Collect$$rtexit$$00000003  c_p.l(rtexit2.o)
    0x0000015c   0x0000015c   0x00000006   Code   RO          292    .ARM.Collect$$rtexit$$00000004  c_p.l(rtexit2.o)
    0x00000162   0x00000162   0x00000002   PAD
    0x00000164   0x00000164   0x00000034   Code   RO          154  * .text               startup_mkl05z4.o
    0x00000198   0x00000198   0x00000040   Code   RO          177    .text               c_p.l(rt_memclr.o)
    0x000001d8   0x000001d8   0x00000006   Code   RO          187    .text               c_p.l(heapauxi.o)
    0x000001de   0x000001de   0x0000003e   Code   RO          213    .text               c_p.l(sys_stackheap_outer.o)
    0x0000021c   0x0000021c   0x00000010   Code   RO          216    .text               c_p.l(exit.o)
    0x0000022c   0x0000022c   0x00000008   Code   RO          228    .text               c_p.l(libspace.o)
    0x00000234   0x00000234   0x0000000c   Code   RO          285    .text               c_p.l(sys_exit.o)
    0x00000240   0x00000240   0x00000002   Code   RO          308    .text               c_p.l(use_no_semi.o)
    0x00000242   0x00000242   0x00000000   Code   RO          310    .text               c_p.l(indicate_semi.o)
    0x00000242   0x00000242   0x00000002   PAD
    0x00000244   0x00000244   0x00000020   Code   RO          118    .text.ADC_Init      random.o
    0x00000264   0x00000264   0x00000014   Code   RO          120    .text.ADC_Read      random.o
    0x00000278   0x00000278   0x0000005c   Code   RO           86    .text.ChangeCoverage  logic.o
    0x000002d4   0x000002d4   0x00000030   Code   RO           78    .text.ClearBoard    logic.o
    0x00000304   0x00000304   0x0000003c   Code   RO           34    .text.Clicked       mouse.o
    0x00000340   0x00000340   0x00000026   Code   RO           30    .text.Decode        mouse.o
    0x00000366   0x00000366   0x00000054   Code   RO           48    .text.Draw1         graphics.o
    0x000003ba   0x000003ba   0x0000003c   Code   RO           62    .text.Draw8         graphics.o
    0x000003f6   0x000003f6   0x0000000a   PAD
    0x00000400   0x00000400   0x00000010   Code   RO          153    .ARM.__at_0x400     startup_mkl05z4.o
    0x00000410   0x00000410   0x00000062   Code   RO           50    .text.Draw2         graphics.o
    0x00000472   0x00000472   0x0000007a   Code   RO           52    .text.Draw3         graphics.o
    0x000004ec   0x000004ec   0x0000005a   Code   RO           54    .text.Draw4         graphics.o
    0x00000546   0x00000546   0x00000082   Code   RO           56    .text.Draw5         graphics.o
    0x000005c8   0x000005c8   0x0000006c   Code   RO           58    .text.Draw6         graphics.o
    0x00000634   0x00000634   0x0000005a   Code   RO           60    .text.Draw7         graphics.o
    0x0000068e   0x0000068e   0x000000be   Code   RO           64    .text.DrawBomb      graphics.o
    0x0000074c   0x0000074c   0x0000005c   Code   RO           46    .text.DrawBombArea  graphics.o
    0x000007a8   0x000007a8   0x0000006c   Code   RO           66    .text.DrawFlag      graphics.o
    0x00000814   0x00000814   0x0000006e   Code   RO           68    .text.DrawMouse     graphics.o
    0x00000882   0x00000882   0x00000002   PAD
    0x00000884   0x00000884   0x00000030   Code   RO          103    .text.DrawPixel     oled.o
    0x000008b4   0x000008b4   0x00000024   Code   RO          122    .text.GetNoise      random.o
    0x000008d8   0x000008d8   0x00000114   Code   RO           80    .text.MakeBoard     logic.o
    0x000009ec   0x000009ec   0x00000078   Code   RO           32    .text.Mouse_Update  mouse.o
    0x00000a64   0x00000a64   0x0000001c   Code   RO          126    .text.MyRand        random.o
    0x00000a80   0x00000a80   0x0000000c   Code   RO          124    .text.MyRandom      random.o
    0x00000a8c   0x00000a8c   0x00000010   Code   RO          105    .text.OLED_ClearBuffer  oled.o
    0x00000a9c   0x00000a9c   0x0000001c   Code   RO           99    .text.OLED_Cmd      oled.o
    0x00000ab8   0x00000ab8   0x00000054   Code   RO          107    .text.OLED_Display  oled.o
    0x00000b0c   0x00000b0c   0x000000c8   Code   RO          101    .text.OLED_Init     oled.o
    0x00000bd4   0x00000bd4   0x0000000c   Code   RO           14    .text.PS2_CLK_HIGH  mouse.o
    0x00000be0   0x00000be0   0x0000000c   Code   RO           18    .text.PS2_DATA_HIGH  mouse.o
    0x00000bec   0x00000bec   0x00000018   Code   RO           16    .text.PS2_DATA_LOW  mouse.o
    0x00000c04   0x00000c04   0x0000002c   Code   RO           20    .text.PS2_Init      mouse.o
    0x00000c30   0x00000c30   0x00000048   Code   RO           28    .text.PS2_readByte  mouse.o
    0x00000c78   0x00000c78   0x0000004e   Code   RO           26    .text.PS2_writeByte  mouse.o
    0x00000cc6   0x00000cc6   0x00000002   PAD
    0x00000cc8   0x00000cc8   0x00000130   Code   RO           82    .text.RenderGame    logic.o
    0x00000df8   0x00000df8   0x00000048   Code   RO          141    .text.SW_SPI_Write  spi.o
    0x00000e40   0x00000e40   0x0000001c   Code   RO           84    .text.Scaling       logic.o
    0x00000e5c   0x00000e5c   0x0000004c   Code   RO          163    .text.SystemInit    system_mkl05z4.o
    0x00000ea8   0x00000ea8   0x00000022   Code   RO          139    .text.delay_ms      spi.o
    0x00000eca   0x00000eca   0x00000020   Code   RO          137    .text.delay_us      spi.o
    0x00000eea   0x00000eea   0x00000002   PAD
    0x00000eec   0x00000eec   0x000000d4   Code   RO            2    .text.main          main.o
    0x00000fc0   0x00000fc0   0x0000000c   Code   RO           24    .text.waitForClockHigh  mouse.o
    0x00000fcc   0x00000fcc   0x00000010   Code   RO           22    .text.waitForClockLow  mouse.o
    0x00000fdc   0x00000fdc   0x00000020   Data   RO          363    Region$$Table       anon$$obj.o


    Execution Region ER_RW (Exec base: 0x1ffffc00, Load base: 0x00000ffc, Size: 0x0000000c, Max: 0xffffffff, ABSOLUTE)

    Exec Addr    Load Addr    Size         Type   Attr      Idx    E Section Name        Object

    0x1ffffc00   0x00000ffc   0x00000008   Data   RW           36    .data.mouse         mouse.o
    0x1ffffc08   0x00001004   0x00000004   Data   RW          128    .data.random_state  random.o


    Execution Region ER_ZI (Exec base: 0x1ffffc10, Load base: 0x00001008, Size: 0x00000b10, Max: 0xffffffff, ABSOLUTE)

    Exec Addr    Load Addr    Size         Type   Attr      Idx    E Section Name        Object

    0x1ffffc10        -       0x00000060   Zero   RW          229    .bss                c_p.l(libspace.o)
    0x1ffffc70        -       0x000002d0   Zero   RW           88    .bss.board          logic.o
    0x1fffff40        -       0x000002d0   Zero   RW           89    .bss.board1         logic.o
    0x20000210        -       0x00000400   Zero   RW          109    .bss.buffer         oled.o
    0x20000610        -       0x00000008   Zero   RW           37    .bss.click          mouse.o
    0x20000618        -       0x00000008   Zero   RW           90    .bss.xy             logic.o
    0x20000620        -       0x00000000   Zero   RW          151    HEAP                startup_mkl05z4.o
    0x20000620        -       0x00000100   Zero   RW          150    STACK               startup_mkl05z4.o


==============================================================================

Image component sizes


      Code (inc. data)   RO Data    RW Data    ZI Data      Debug   Object Name

      1282          0          0          0          0       5136   graphics.o
       748         38          0          0       1448       3064   logic.o
       212          8          0          0          0        707   main.o
       488         32          0          8          8       4039   mouse.o
       376         24          0          0       1024       2886   oled.o
       128         24          0          4          0       2480   random.o
       138          4          0          0          0       1361   spi.o
        68         38        192          0        256        800   startup_mkl05z4.o
        76         16          0          0          0       2313   system_mkl05z4.o

    ----------------------------------------------------------------------
      3532        184        224         12       2736      22786   Object Totals
         0          0         32          0          0          0   (incl. Generated)
        16          0          0          0          0          0   (incl. Padding)

    ----------------------------------------------------------------------

      Code (inc. data)   RO Data    RW Data    ZI Data      Debug   Library Member Name

         8          0          0          0          0         68   __main.o
         0          0          0          0          0          0   __rtentry.o
        12          0          0          0          0          0   __rtentry2.o
         6          0          0          0          0          0   __rtentry4.o
        60          8          0          0          0          0   __scatter.o
        26          0          0          0          0          0   __scatter_copy.o
        28          0          0          0          0          0   __scatter_zi.o
        16          0          0          0          0         68   exit.o
         6          0          0          0          0        136   heapauxi.o
         0          0          0          0          0          0   indicate_semi.o
         2          0          0          0          0          0   libinit.o
         2          0          0          0          0          0   libinit2.o
         2          0          0          0          0          0   libshutdown.o
         2          0          0          0          0          0   libshutdown2.o
         8          4          0          0         96         68   libspace.o
        64          0          0          0          0        108   rt_memclr.o
         2          0          0          0          0          0   rtexit.o
        10          0          0          0          0          0   rtexit2.o
        12          4          0          0          0         60   sys_exit.o
        62          0          0          0          0         80   sys_stackheap_outer.o
         2          0          0          0          0         68   use_no_semi.o

    ----------------------------------------------------------------------
       336         16          0          0         96        656   Library Totals
         6          0          0          0          0          0   (incl. Padding)

    ----------------------------------------------------------------------

      Code (inc. data)   RO Data    RW Data    ZI Data      Debug   Library Name

       330         16          0          0         96        656   c_p.l

    ----------------------------------------------------------------------
       336         16          0          0         96        656   Library Totals

    ----------------------------------------------------------------------

==============================================================================


      Code (inc. data)   RO Data    RW Data    ZI Data      Debug   

      3868        200        224         12       2832      23166   Grand Totals
      3868        200        224         12       2832      23166   ELF Image Totals
      3868        200        224         12          0          0   ROM Totals

==============================================================================

    Total RO  Size (Code + RO Data)                 4092 (   4.00kB)
    Total RW  Size (RW Data + ZI Data)              2844 (   2.78kB)
    Total ROM Size (Code + RO Data + RW Data)       4104 (   4.01kB)

==============================================================================

